       0
       0
       0
       0
       0
       0
       0
       0
       1
      12
       8
     3.5
     4.5
       0
       0
       0
       0
       0
       0
       0
       0