POLYGON EMPTY
POLYGON EMPTY
MULTIPOLYGON(((1 5,3 3,1 1,1 5)),((5 3,7 5,7 1,5 3)))
POLYGON((0 0,1 1,1 0,0 0))
POLYGON EMPTY
POLYGON((30 10,10 20,20 40,40 40,30 10))
POLYGON EMPTY
POLYGON((1 1,1 3,3 3,3 1,1 1))
POLYGON EMPTY
POLYGON EMPTY
POLYGON EMPTY
POLYGON EMPTY
POLYGON EMPTY
POLYGON EMPTY
POLYGON EMPTY
POLYGON EMPTY
POLYGON EMPTY
