POINT (30 10)
POINT(25.4545454545455 26.969696969697) 
POINT(3 4)
POINT(2 2)
POINT(1.53878096766559 2.24949020792154)
POINT(0 1)
POINT(77.3237783154389 29.2047265267312)
POINT(5.08333333333333 5.08333333333333)
POINT(0.5 0.8)
POINT(0.5 1)
POINT(0.5 1)
POINT(0.5 1)
POINT (4.78186580823449 42.7720609441623) 
POINT(25.5847953216374 21.6666666666667) 
