           0
           0
           0
 1.4142135623731
 1.4142135623731
 16.5529453572468
           0
 33.2415402771893
           3
 0.790569415042095
           0
          13
          13
          15
           0
           1
 36.1247837363769
 36.1247837363769

