POLYGON((-1.20710678118655 -0.82842712474619,-1.20710678118655 4.82842712474619,4.82842712474619 4.82842712474619,4.82842712474619 -0.82842712474619,-1.20710678118655 -0.82842712474619))
