POLYGON((-1 0,-1 2,1 2,1 3,1 4,1 9,2 9,2 4,3 4,3 1,2 1,2 0,-1 0))
