POLYGON((3 1,3 96.193504,80.335055 96.193504,80.335055 1,3 1))
