 POINT(30 10)
 POLYGON((10 10,10 40,40 40,40 10,10 10))
 POLYGON((1 2,1 6,5 6,5 2,1 2))
 POLYGON((1 1,1 3,3 3,3 1,1 1))
 POLYGON((1 1,1 3.5,2 3.5,2 1,1 1))
 LINESTRING(0 0,0 2)
 POLYGON((77.27 29.07,77.27 29.31,77.42 29.31,77.42 29.07,77.27 29.07))
 POLYGON EMPTY
 LINESTRING EMPTY
 POINT EMPTY
 MULTIPOLYGON EMPTY
 MULTILINESTRING EMPTY
 MULTIPOINT EMPTY
 GEOMETRYCOLLECTION EMPTY
 LINESTRING(38.769917 9.106194,38.769917 10.780694)
 POLYGON((0 0,0 2,2 2,2 0,0 0))
 POLYGON((0 0,0 2,2 2,2 0,0 0))
 POLYGON((-1 0,-1 2,2 2,2 0,-1 0))
 POLYGON((-1 0,-1 2,2 2,2 0,-1 0))
 POLYGON((-5 36,-5 49,15 49,15 36,-5 36))
 POLYGON((10 5,10 45,45 45,45 5,10 5))

