POLYGON((2 8,8 8,8 2,2 2,2 8))
POLYGON((3 3,2 2,2 3,3 3))
POLYGON((2 2,2 3,3 3,2 2))
GEOMETRYCOLLECTION EMPTY
POINT(5 5)
GEOMETRYCOLLECTION EMPTY
GEOMETRYCOLLECTION EMPTY
GEOMETRYCOLLECTION EMPTY
GEOMETRYCOLLECTION EMPTY
POINT(7.5 7.5)