 0
 0
 0
 0
 6.44646111349608
 2
 0.629163063248694
 0
 0
 0
 0
 0
 0
 0
 1.6745
 4.24264068711929
 4.24264068711929

