POINT(8 10)
POINT(8 6)
POINT(10 1)
POINT(5 10)
POINT(3 5)
POINT(7 3)
POINT(45.747872 96.193504)
POINT(21.507721 37.289151)
POINT(73.388003 81.457667)
POINT(52.096912 21.554577)
POINT(80.335055 10.929492)
POINT(51.879734 16.702802)

