                                                                                                                                                                                                                                                                               POINT(0.000269494585236 0.000089831528412)
 POLYGON((0.000269494585236 0.000089831528412,0.000359326113648 0.000359326113645,0.000179663056824 0.000359326113645,0.000089831528412 0.000179663056824,0.000269494585236 0.000089831528412))
 POLYGON((0.000008983152841 0.000017966305682,0.000026949458524 0.000035932611365,0.000044915764206 0.000053898917047,0.000008983152841 0.000017966305682))
 POLYGON((0.000008983152841 0.000008983152841,0.000026949458524 0.000008983152841,0.000026949458524 0.000026949458524,0.000008983152841 0.000026949458524,0.000008983152841 0.000008983152841))
 LINESTRING(0.000008983152841 0.000008983152841,0.000017966305682 0.000017966305682,0.000017966305682 0.000031441034944,0.000008983152841 0.000026949458524,0.000008983152841 0.000017966305682,0.000017966305682 0.000008983152841)
 LINESTRING(0 0,0 0.000017966305682)
 MULTIPOINT(0 0,0.000062882069888 0.000062882069888)
 GEOMETRYCOLLECTION(POINT(0.000008983152841 0.000008983152841),LINESTRING(0.000008983152841 0.000008983152841,0.000017966305682 0.000017966305682,0.000026949458524 0.000026949458524))
 POLYGON EMPTY
 LINESTRING EMPTY
 POINT EMPTY
 MULTIPOLYGON EMPTY
 MULTILINESTRING EMPTY
 MULTIPOINT EMPTY
 GEOMETRYCOLLECTION EMPTY
 LINESTRING(0.000348276090051 0.000096844621936,0.000348276090051 0.000081802332504)
 MULTILINESTRING((0 0,0.000008983152841 0.000008983152841),(0 0,0.000008983152841 0.000008983152841,0.000017966305682 0.000017966305682))
 POLYGON((0 0,0 0.000008983152841,0.000008983152841 0.000008983152841,0.000008983152841 0,0 0),(0 0.000008983152841,0.000008983152841 0.000008983152841,0.000008983152841 0.000017966305682,0 0.000017966305682,0 0.000008983152841))
 POLYGON((0 0,0.000017966305682 0,0.000017966305682 0.000017966305682,0 0.000017966305682,0 0),(0.000008983152841 0,0.000026949458524 0,0.000026949458524 0.000017966305682,0.000008983152841 0.000017966305682,0.000008983152841 0))
 MULTIPOINT(0.000008983152841 0.000017966305682,0.000017966305682 0.000026949458524)
 MULTIPOINT(0.000008983152841 0.000017966305682,0.000017966305682 0.000026949458524,0.000008983152841 0.000017966305682,0.000035932611365 0.000053898917047)
 MULTILINESTRING((0.000008983152841 0.000008983152841,0.000008983152841 0.000017966305682),(0.000017966305682 0.000035932611365,0.000008983152841 0.000080848375571,0.000008983152841 0.00007186522273))
 MULTILINESTRING((0.000008983152841 0.000008983152841,0.000008983152841 0.000017966305682),(0.000008983152841 0.000008983152841,0.000008983152841 0.000017966305682))
 MULTIPOLYGON(((0 0,0.000017966305682 0,0.000017966305682 0.000017966305682,0 0.000017966305682,0 0)),((0.000008983152841 0,0.000026949458524 0,0.000026949458524 0.000017966305682,0.000008983152841 0.000017966305682,0.000008983152841 0)))
 MULTIPOLYGON(((0 0,0.000035932611365 0,0.000035932611365 0.000035932611365,0 0.000035932611365,0 0)),((0.000008983152841 0.00007186522273,0.000017966305682 0.00007186522273,0.000017966305682 0.000080848375571,0.000008983152841 0.000080848375571,0.000008983152841 0.00007186522273)),((0.000053898917047 0.000053898917047,0.000053898917047 0.000107797834094,0.000107797834094 0.000107797834094,0.000107797834094 0.000053898917047,0.000053898917047 0.000053898917047),(0.000062882069888 0.000062882069888,0.000062882069888 0.00007186522273,0.00007186522273 0.00007186522273,0.00007186522273 0.000062882069888,0.000062882069888 0.000062882069888)))
 MULTIPOINT(0.000008983152841 0.000017966305682,0.000017966305682 0.000026949458524,0.000008983152841 0.000017966305682,0.000035932611365 0.000053898917047,0.000017966305682 0.000017966305682,0.000008983152841 0.000053898917047)
 POLYGON((0.000008983152841 0.000008983152841,0.000017966305682 0.000053898917047,0.000026949458524 0.000062882069888,0.00007186522273 0.000080848375571,0.000017966305682 0.000035932611365,0.000026949458524 0.000044915764206,0.000062882069888 0.000080848375571,0.000017966305682 0.000044915764206,0.000008983152841 0.000008983152841))
 LINESTRING(0.000008983152841 0.000017966305682,0.000017966305682 0.000026949458524,0.000008983152841 0.000017966305682,0.000035932611365 0.000053898917047,0.000017966305682 0.000017966305682,0.000008983152841 0.000053898917047)
 POINT(0.000008983152841 0.00007186522273)
 MULTIPOINT(0.000008983152841 0.000008983152841,0.000026949458524 0.000035932611365)
 MULTIPOINT(0.000026949458524 0.000035932611365)
 LINESTRING(0.000008983152841 0.000008983152841,0.000008983152841 0.000017966305682,0.000017966305682 0.000026949458524)
 LINESTRING(0.000008983152841 0.000008983152841,0.000008983152841 0.000017966305682,0.000017966305682 0.000026949458524,0.000008983152841 0.000008983152841)
 MULTILINESTRING((0.000008983152841 0.000008983152841,0.000008983152841 0.000017966305682),(0.000017966305682 0.000035932611365,0.000008983152841 0.000080848375571,0.000008983152841 0.00007186522273))
 MULTILINESTRING((0.000017966305682 0.000035932611365,0.000008983152841 0.000080848375571,0.000008983152841 0.00007186522273))
 MULTILINESTRING((0.000008983152841 0.000008983152841,0.000026949458524 0.000035932611365,0.000008983152841 0.000008983152841))
 POLYGON((0.000008983152841 0.000008983152841,0.000008983152841 0.000017966305682,0.000017966305682 0.000017966305682,0.000017966305682 0.000008983152841,0.000008983152841 0.000008983152841))
 POLYGON((0 0,0 0.000035932611365,0.000017966305682 0.000017966305682,0.000035932611365 0.000035932611365,0.000035932611365 0,0 0))
 POLYGON((0 0,0 0.000035932611365,0.000035932611365 0.000035932611365,0 0))
 MULTIPOLYGON(((0 0,0.000008983152841 -0.000008983152841,0.000008983152841 0.000008983152841,-0.000017966305682 0.000026949458524,0 0)))
 MULTIPOLYGON(((0.000008983152841 0.000008983152841,0.000008983152841 0.000017966305682,0.000017966305682 0.000017966305682,0.000017966305682 0.000008983152841,0.000008983152841 0.000008983152841)),((0 0,0.000008983152841 -0.000008983152841,0.000008983152841 0.000008983152841,-0.000017966305682 0.000026949458524,0 0)))

