 POINT(3339584.72379821 1118889.97485796)
 POLYGON((3339584.72379821 1118889.97485796,4452779.63173094 4865942.27950318,2226389.81586547 4865942.27950318,1113194.90793273 2273030.92698769,3339584.72379821 1118889.97485796))
 POLYGON((111319.490793272 222684.208505545,333958.47237982 445640.109656027,556597.453966367 669141.057044245,111319.490793272 222684.208505545))
 POLYGON((111319.490793272 111325.142866385,333958.47237982 111325.142866385,333958.47237982 334111.17140196,111319.490793272 334111.17140196,111319.490793272 111325.142866385))
 LINESTRING(111319.490793272 111325.142866385,222638.981586547 222684.208505545,222638.981586547 389860.758254196,111319.490793272 334111.17140196,111319.490793272 222684.208505545,222638.981586547 111325.142866385)
 LINESTRING(0 -7.08115455161362e-10,0 222684.208505545)
 LINESTRING(8603883.44341212 3384558.48679049,8618354.97721524 3408780.01246847,8601657.05359625 3415161.56676596,8603883.44341212 3384558.48679049)
 POLYGON EMPTY
 LINESTRING EMPTY
 POINT EMPTY
 MULTIPOLYGON EMPTY
 MULTILINESTRING EMPTY
 MULTIPOINT EMPTY
 GEOMETRYCOLLECTION EMPTY
 LINESTRING(4315847.41853748 1207246.02489456,4315847.41853748 1017991.64472504)
 MULTILINESTRING((0 -7.08115455161362e-10,111319.490793272 111325.142866385),(0 -7.08115455161362e-10,111319.490793272 111325.142866385,222638.981586547 222684.208505545))

