GEOMETRYCOLLECTION(POINT(10 0),LINESTRING(-5 45,8 36),LINESTRING(1 49,15 41),POLYGON((5 1,7 1,7 2,5 2,5 1)),POLYGON((0 0,4 0,4 4,0 4,0 0)))
